
   PASS  No misspellings found in your project.  

